// Jest Snapshot v1, https://goo.gl/fbAQLP

exports[`MenuButton component renders without crashing 1`] = `
<div>
  <div
    style={
      Object {
        "cursor": "pointer",
        "display": "relative",
        "top": "10px",
      }
    }
  >
    <div
      style={
        Object {
          "backgroundColor": "#333",
          "height": "3px",
          "margin": "3px 0px",
          "marginBottom": "3px",
          "width": "20px",
        }
      }
    />
    <div
      style={
        Object {
          "backgroundColor": "#333",
          "height": "3px",
          "margin": "3px 0px",
          "width": "20px",
        }
      }
    />
    <div
      style={
        Object {
          "backgroundColor": "#333",
          "height": "3px",
          "margin": "3px 0px",
          "marginTop": "3px",
          "width": "20px",
        }
      }
    />
  </div>
</div>
`;
